Archive member included because of file (symbol)

/usr/lib/gcc/avr/4.5.3/avr4/libgcc.a(_exit.o)
                              /usr/lib/gcc/avr/4.5.3/../../../avr/lib/avr4/crtm88.o (exit)
/usr/lib/gcc/avr/4.5.3/avr4/libgcc.a(_copy_data.o)
                              main.o (__do_copy_data)
/usr/lib/gcc/avr/4.5.3/avr4/libgcc.a(_clear_bss.o)
                              main.o (__do_clear_bss)

Allocating common symbols
Common symbol       size              file

S0_counter1_buf     0x4               main.o
buffer_adr          0x1               twislave.o
S0_counter2_buf     0x4               main.o
S0_counter2         0x4               main.o
S0_counter1         0x4               main.o
i2cdata             0xa               main.o

Memory Configuration

Name             Origin             Length             Attributes
text             0x0000000000000000 0x0000000000002000 xr
data             0x0000000000800060 0x000000000000ffa0 rw !x
eeprom           0x0000000000810000 0x0000000000010000 rw !x
fuse             0x0000000000820000 0x0000000000000400 rw !x
lock             0x0000000000830000 0x0000000000000400 rw !x
signature        0x0000000000840000 0x0000000000000400 rw !x
*default*        0x0000000000000000 0xffffffffffffffff

Linker script and memory map

Address of section .data set to 0x800100
LOAD /usr/lib/gcc/avr/4.5.3/../../../avr/lib/avr4/crtm88.o
LOAD main.o
LOAD twislave.o
LOAD /usr/lib/gcc/avr/4.5.3/../../../avr/lib/avr4/libm.a
LOAD /usr/lib/gcc/avr/4.5.3/avr4/libgcc.a
LOAD /usr/lib/gcc/avr/4.5.3/../../../avr/lib/avr4/libc.a
LOAD /usr/lib/gcc/avr/4.5.3/avr4/libgcc.a

.hash
 *(.hash)

.dynsym
 *(.dynsym)

.dynstr
 *(.dynstr)

.gnu.version
 *(.gnu.version)

.gnu.version_d
 *(.gnu.version_d)

.gnu.version_r
 *(.gnu.version_r)

.rel.init
 *(.rel.init)

.rela.init
 *(.rela.init)

.rel.text
 *(.rel.text)
 *(.rel.text.*)
 *(.rel.gnu.linkonce.t*)

.rela.text
 *(.rela.text)
 *(.rela.text.*)
 *(.rela.gnu.linkonce.t*)

.rel.fini
 *(.rel.fini)

.rela.fini
 *(.rela.fini)

.rel.rodata
 *(.rel.rodata)
 *(.rel.rodata.*)
 *(.rel.gnu.linkonce.r*)

.rela.rodata
 *(.rela.rodata)
 *(.rela.rodata.*)
 *(.rela.gnu.linkonce.r*)

.rel.data
 *(.rel.data)
 *(.rel.data.*)
 *(.rel.gnu.linkonce.d*)

.rela.data
 *(.rela.data)
 *(.rela.data.*)
 *(.rela.gnu.linkonce.d*)

.rel.ctors
 *(.rel.ctors)

.rela.ctors
 *(.rela.ctors)

.rel.dtors
 *(.rel.dtors)

.rela.dtors
 *(.rela.dtors)

.rel.got
 *(.rel.got)

.rela.got
 *(.rela.got)

.rel.bss
 *(.rel.bss)

.rela.bss
 *(.rela.bss)

.rel.plt
 *(.rel.plt)

.rela.plt
 *(.rela.plt)

.text           0x0000000000000000      0x400
 *(.vectors)
 .vectors       0x0000000000000000       0x34 /usr/lib/gcc/avr/4.5.3/../../../avr/lib/avr4/crtm88.o
                0x0000000000000000                __vectors
                0x0000000000000000                __vector_default
 *(.vectors)
 *(.progmem.gcc*)
 .progmem.gcc_sw_table
                0x0000000000000034       0x10 main.o
 *(.progmem*)
                0x0000000000000044                . = ALIGN (0x2)
                0x0000000000000044                __trampolines_start = .
 *(.trampolines)
 .trampolines   0x0000000000000044        0x0 linker stubs
 *(.trampolines*)
                0x0000000000000044                __trampolines_end = .
 *(.jumptables)
 *(.jumptables*)
 *(.lowtext)
 *(.lowtext*)
                0x0000000000000044                __ctors_start = .
 *(.ctors)
                0x0000000000000044                __ctors_end = .
                0x0000000000000044                __dtors_start = .
 *(.dtors)
                0x0000000000000044                __dtors_end = .
 SORT(*)(.ctors)
 SORT(*)(.dtors)
 *(.init0)
 .init0         0x0000000000000044        0x0 /usr/lib/gcc/avr/4.5.3/../../../avr/lib/avr4/crtm88.o
                0x0000000000000044                __init
 *(.init0)
 *(.init1)
 *(.init1)
 *(.init2)
 .init2         0x0000000000000044        0xc /usr/lib/gcc/avr/4.5.3/../../../avr/lib/avr4/crtm88.o
 *(.init2)
 *(.init3)
 *(.init3)
 *(.init4)
 .init4         0x0000000000000050       0x16 /usr/lib/gcc/avr/4.5.3/avr4/libgcc.a(_copy_data.o)
                0x0000000000000050                __do_copy_data
 .init4         0x0000000000000066       0x10 /usr/lib/gcc/avr/4.5.3/avr4/libgcc.a(_clear_bss.o)
                0x0000000000000066                __do_clear_bss
 *(.init4)
 *(.init5)
 *(.init5)
 *(.init6)
 *(.init6)
 *(.init7)
 *(.init7)
 *(.init8)
 *(.init8)
 *(.init9)
 .init9         0x0000000000000076        0x4 /usr/lib/gcc/avr/4.5.3/../../../avr/lib/avr4/crtm88.o
 *(.init9)
 *(.text)
 .text          0x000000000000007a        0x2 /usr/lib/gcc/avr/4.5.3/../../../avr/lib/avr4/crtm88.o
                0x000000000000007a                __vector_22
                0x000000000000007a                __vector_12
                0x000000000000007a                __bad_interrupt
                0x000000000000007a                __vector_6
                0x000000000000007a                __vector_3
                0x000000000000007a                __vector_23
                0x000000000000007a                __vector_25
                0x000000000000007a                __vector_11
                0x000000000000007a                __vector_17
                0x000000000000007a                __vector_19
                0x000000000000007a                __vector_7
                0x000000000000007a                __vector_5
                0x000000000000007a                __vector_4
                0x000000000000007a                __vector_9
                0x000000000000007a                __vector_21
                0x000000000000007a                __vector_15
                0x000000000000007a                __vector_8
                0x000000000000007a                __vector_14
                0x000000000000007a                __vector_10
                0x000000000000007a                __vector_16
                0x000000000000007a                __vector_18
                0x000000000000007a                __vector_20
 .text          0x000000000000007c      0x296 main.o
                0x000000000000007c                init_S0_Counters
                0x00000000000000f0                __vector_13
                0x00000000000001f6                __vector_1
                0x0000000000000240                __vector_2
                0x000000000000028a                main
 .text          0x0000000000000312       0xea twislave.o
                0x0000000000000312                init_twi_slave
                0x0000000000000332                __vector_24
 .text          0x00000000000003fc        0x0 /usr/lib/gcc/avr/4.5.3/avr4/libgcc.a(_exit.o)
 .text          0x00000000000003fc        0x0 /usr/lib/gcc/avr/4.5.3/avr4/libgcc.a(_copy_data.o)
 .text          0x00000000000003fc        0x0 /usr/lib/gcc/avr/4.5.3/avr4/libgcc.a(_clear_bss.o)
                0x00000000000003fc                . = ALIGN (0x2)
 *(.text.*)
 .text.libgcc   0x00000000000003fc        0x0 /usr/lib/gcc/avr/4.5.3/avr4/libgcc.a(_exit.o)
 .text.libgcc   0x00000000000003fc        0x0 /usr/lib/gcc/avr/4.5.3/avr4/libgcc.a(_copy_data.o)
 .text.libgcc   0x00000000000003fc        0x0 /usr/lib/gcc/avr/4.5.3/avr4/libgcc.a(_clear_bss.o)
                0x00000000000003fc                . = ALIGN (0x2)
 *(.fini9)
 .fini9         0x00000000000003fc        0x0 /usr/lib/gcc/avr/4.5.3/avr4/libgcc.a(_exit.o)
                0x00000000000003fc                exit
                0x00000000000003fc                _exit
 *(.fini9)
 *(.fini8)
 *(.fini8)
 *(.fini7)
 *(.fini7)
 *(.fini6)
 *(.fini6)
 *(.fini5)
 *(.fini5)
 *(.fini4)
 *(.fini4)
 *(.fini3)
 *(.fini3)
 *(.fini2)
 *(.fini2)
 *(.fini1)
 *(.fini1)
 *(.fini0)
 .fini0         0x00000000000003fc        0x4 /usr/lib/gcc/avr/4.5.3/avr4/libgcc.a(_exit.o)
 *(.fini0)
                0x0000000000000400                _etext = .

.data           0x0000000000800100        0x0 load address 0x0000000000000400
                0x0000000000800100                PROVIDE (__data_start, .)
 *(.data)
 .data          0x0000000000800100        0x0 /usr/lib/gcc/avr/4.5.3/../../../avr/lib/avr4/crtm88.o
 .data          0x0000000000800100        0x0 main.o
 .data          0x0000000000800100        0x0 twislave.o
 .data          0x0000000000800100        0x0 /usr/lib/gcc/avr/4.5.3/avr4/libgcc.a(_exit.o)
 .data          0x0000000000800100        0x0 /usr/lib/gcc/avr/4.5.3/avr4/libgcc.a(_copy_data.o)
 .data          0x0000000000800100        0x0 /usr/lib/gcc/avr/4.5.3/avr4/libgcc.a(_clear_bss.o)
 *(.data*)
 *(.rodata)
 *(.rodata*)
 *(.gnu.linkonce.d*)
                0x0000000000800100                . = ALIGN (0x2)
                0x0000000000800100                _edata = .
                0x0000000000800100                PROVIDE (__data_end, .)

.bss            0x0000000000800100       0x1f
                0x0000000000800100                PROVIDE (__bss_start, .)
 *(.bss)
 .bss           0x0000000000800100        0x0 /usr/lib/gcc/avr/4.5.3/../../../avr/lib/avr4/crtm88.o
 .bss           0x0000000000800100        0x4 main.o
                0x0000000000800100                cnt
 .bss           0x0000000000800104        0x0 twislave.o
 .bss           0x0000000000800104        0x0 /usr/lib/gcc/avr/4.5.3/avr4/libgcc.a(_exit.o)
 .bss           0x0000000000800104        0x0 /usr/lib/gcc/avr/4.5.3/avr4/libgcc.a(_copy_data.o)
 .bss           0x0000000000800104        0x0 /usr/lib/gcc/avr/4.5.3/avr4/libgcc.a(_clear_bss.o)
 *(.bss*)
 *(COMMON)
 COMMON         0x0000000000800104       0x1a main.o
                0x0000000000800104                S0_counter1_buf
                0x0000000000800108                S0_counter2_buf
                0x000000000080010c                S0_counter2
                0x0000000000800110                S0_counter1
                0x0000000000800114                i2cdata
 COMMON         0x000000000080011e        0x1 twislave.o
                0x000000000080011e                buffer_adr
                0x000000000080011f                PROVIDE (__bss_end, .)
                0x0000000000000400                __data_load_start = LOADADDR (.data)
                0x0000000000000400                __data_load_end = (__data_load_start + SIZEOF (.data))

.noinit         0x000000000080011f        0x0
                0x000000000080011f                PROVIDE (__noinit_start, .)
 *(.noinit*)
                0x000000000080011f                PROVIDE (__noinit_end, .)
                0x000000000080011f                _end = .
                0x000000000080011f                PROVIDE (__heap_start, .)

.eeprom         0x0000000000810000        0x0
 *(.eeprom*)
                0x0000000000810000                __eeprom_end = .

.fuse
 *(.fuse)
 *(.lfuse)
 *(.hfuse)
 *(.efuse)

.lock
 *(.lock*)

.signature
 *(.signature*)

.stab           0x0000000000000000      0x6cc
 *(.stab)
 .stab          0x0000000000000000      0x6cc /usr/lib/gcc/avr/4.5.3/../../../avr/lib/avr4/crtm88.o

.stabstr        0x0000000000000000       0x54
 *(.stabstr)
 .stabstr       0x0000000000000000       0x54 /usr/lib/gcc/avr/4.5.3/../../../avr/lib/avr4/crtm88.o

.stab.excl
 *(.stab.excl)

.stab.exclstr
 *(.stab.exclstr)

.stab.index
 *(.stab.index)

.stab.indexstr
 *(.stab.indexstr)

.comment
 *(.comment)

.debug
 *(.debug)

.line
 *(.line)

.debug_srcinfo
 *(.debug_srcinfo)

.debug_sfnames
 *(.debug_sfnames)

.debug_aranges  0x0000000000000000       0x40
 *(.debug_aranges)
 .debug_aranges
                0x0000000000000000       0x20 main.o
 .debug_aranges
                0x0000000000000020       0x20 twislave.o

.debug_pubnames
                0x0000000000000000      0x10a
 *(.debug_pubnames)
 .debug_pubnames
                0x0000000000000000       0xba main.o
 .debug_pubnames
                0x00000000000000ba       0x50 twislave.o

.debug_info     0x0000000000000000      0x2c4
 *(.debug_info)
 .debug_info    0x0000000000000000      0x1ac main.o
 .debug_info    0x00000000000001ac      0x118 twislave.o
 *(.gnu.linkonce.wi.*)

.debug_abbrev   0x0000000000000000      0x169
 *(.debug_abbrev)
 .debug_abbrev  0x0000000000000000       0xc2 main.o
 .debug_abbrev  0x00000000000000c2       0xa7 twislave.o

.debug_line     0x0000000000000000      0x380
 *(.debug_line)
 .debug_line    0x0000000000000000      0x216 main.o
 .debug_line    0x0000000000000216      0x16a twislave.o

.debug_frame    0x0000000000000000       0x90
 *(.debug_frame)
 .debug_frame   0x0000000000000000       0x60 main.o
 .debug_frame   0x0000000000000060       0x30 twislave.o

.debug_str      0x0000000000000000      0x12d
 *(.debug_str)
 .debug_str     0x0000000000000000       0xfc main.o
                                        0x130 (size before relaxing)
 .debug_str     0x00000000000000fc       0x31 twislave.o
                                         0xe6 (size before relaxing)

.debug_loc      0x0000000000000000       0x56
 *(.debug_loc)
 .debug_loc     0x0000000000000000       0x56 twislave.o

.debug_macinfo
 *(.debug_macinfo)
OUTPUT(main.elf elf32-avr)
LOAD linker stubs

.debug_pubtypes
                0x0000000000000000       0x49
 .debug_pubtypes
                0x0000000000000000       0x2b main.o
 .debug_pubtypes
                0x000000000000002b       0x1e twislave.o

Cross Reference Table

Symbol                                            File
S0_counter1                                       main.o
S0_counter1_buf                                   main.o
S0_counter2                                       main.o
S0_counter2_buf                                   main.o
__bad_interrupt                                   /usr/lib/gcc/avr/4.5.3/../../../avr/lib/avr4/crtm88.o
__bss_end                                         /usr/lib/gcc/avr/4.5.3/avr4/libgcc.a(_clear_bss.o)
__bss_start                                       /usr/lib/gcc/avr/4.5.3/avr4/libgcc.a(_clear_bss.o)
__data_end                                        /usr/lib/gcc/avr/4.5.3/avr4/libgcc.a(_copy_data.o)
__data_load_start                                 /usr/lib/gcc/avr/4.5.3/avr4/libgcc.a(_copy_data.o)
__data_start                                      /usr/lib/gcc/avr/4.5.3/avr4/libgcc.a(_copy_data.o)
__do_clear_bss                                    /usr/lib/gcc/avr/4.5.3/avr4/libgcc.a(_clear_bss.o)
                                                  twislave.o
                                                  main.o
__do_copy_data                                    /usr/lib/gcc/avr/4.5.3/avr4/libgcc.a(_copy_data.o)
                                                  main.o
__heap_end                                        /usr/lib/gcc/avr/4.5.3/../../../avr/lib/avr4/crtm88.o
__init                                            /usr/lib/gcc/avr/4.5.3/../../../avr/lib/avr4/crtm88.o
__stack                                           /usr/lib/gcc/avr/4.5.3/../../../avr/lib/avr4/crtm88.o
__vector_1                                        main.o
                                                  /usr/lib/gcc/avr/4.5.3/../../../avr/lib/avr4/crtm88.o
__vector_10                                       /usr/lib/gcc/avr/4.5.3/../../../avr/lib/avr4/crtm88.o
__vector_11                                       /usr/lib/gcc/avr/4.5.3/../../../avr/lib/avr4/crtm88.o
__vector_12                                       /usr/lib/gcc/avr/4.5.3/../../../avr/lib/avr4/crtm88.o
__vector_13                                       main.o
                                                  /usr/lib/gcc/avr/4.5.3/../../../avr/lib/avr4/crtm88.o
__vector_14                                       /usr/lib/gcc/avr/4.5.3/../../../avr/lib/avr4/crtm88.o
__vector_15                                       /usr/lib/gcc/avr/4.5.3/../../../avr/lib/avr4/crtm88.o
__vector_16                                       /usr/lib/gcc/avr/4.5.3/../../../avr/lib/avr4/crtm88.o
__vector_17                                       /usr/lib/gcc/avr/4.5.3/../../../avr/lib/avr4/crtm88.o
__vector_18                                       /usr/lib/gcc/avr/4.5.3/../../../avr/lib/avr4/crtm88.o
__vector_19                                       /usr/lib/gcc/avr/4.5.3/../../../avr/lib/avr4/crtm88.o
__vector_2                                        main.o
                                                  /usr/lib/gcc/avr/4.5.3/../../../avr/lib/avr4/crtm88.o
__vector_20                                       /usr/lib/gcc/avr/4.5.3/../../../avr/lib/avr4/crtm88.o
__vector_21                                       /usr/lib/gcc/avr/4.5.3/../../../avr/lib/avr4/crtm88.o
__vector_22                                       /usr/lib/gcc/avr/4.5.3/../../../avr/lib/avr4/crtm88.o
__vector_23                                       /usr/lib/gcc/avr/4.5.3/../../../avr/lib/avr4/crtm88.o
__vector_24                                       twislave.o
                                                  /usr/lib/gcc/avr/4.5.3/../../../avr/lib/avr4/crtm88.o
__vector_25                                       /usr/lib/gcc/avr/4.5.3/../../../avr/lib/avr4/crtm88.o
__vector_3                                        /usr/lib/gcc/avr/4.5.3/../../../avr/lib/avr4/crtm88.o
__vector_4                                        /usr/lib/gcc/avr/4.5.3/../../../avr/lib/avr4/crtm88.o
__vector_5                                        /usr/lib/gcc/avr/4.5.3/../../../avr/lib/avr4/crtm88.o
__vector_6                                        /usr/lib/gcc/avr/4.5.3/../../../avr/lib/avr4/crtm88.o
__vector_7                                        /usr/lib/gcc/avr/4.5.3/../../../avr/lib/avr4/crtm88.o
__vector_8                                        /usr/lib/gcc/avr/4.5.3/../../../avr/lib/avr4/crtm88.o
__vector_9                                        /usr/lib/gcc/avr/4.5.3/../../../avr/lib/avr4/crtm88.o
__vector_default                                  /usr/lib/gcc/avr/4.5.3/../../../avr/lib/avr4/crtm88.o
__vectors                                         /usr/lib/gcc/avr/4.5.3/../../../avr/lib/avr4/crtm88.o
_exit                                             /usr/lib/gcc/avr/4.5.3/avr4/libgcc.a(_exit.o)
buffer_adr                                        twislave.o
cnt                                               main.o
exit                                              /usr/lib/gcc/avr/4.5.3/avr4/libgcc.a(_exit.o)
                                                  /usr/lib/gcc/avr/4.5.3/../../../avr/lib/avr4/crtm88.o
i2cdata                                           twislave.o
                                                  main.o
init_S0_Counters                                  main.o
init_twi_slave                                    twislave.o
                                                  main.o
main                                              main.o
                                                  /usr/lib/gcc/avr/4.5.3/../../../avr/lib/avr4/crtm88.o
